Microchip MPLAB XC8 Compiler V2.46

Linker command line:

-W-3 \
  --edf=C:\Program Files\Microchip\xc8\v2.46\pic\dat\20240104201356_en.msgs \
  -cn -h+dist/default/production\On_Demand_Traffic_Light.production.sym \
  --cmf=dist/default/production\On_Demand_Traffic_Light.production.cmf -z \
  -Q18F4620 -oC:\Users\Dell\AppData\Local\Temp\xcAsp0o.\driver_tmp_3.o \
  --defsym=__MPLAB_BUILD=1 --fixupoverflow=error \
  -Mdist/default/production/On_Demand_Traffic_Light.production.map \
  --md=C:\Users\Dell\AppData\Local\Temp\xcAsp0o.\driver_tmp_0.dat -E1 \
  -ver=XC8 Compiler --acfsm=1493 -ACODE=00h-0FFFFh -ACONST=00h-0FFFFh \
  -ASMALLCONST=01000h-010FFhx240 -AMEDIUMCONST=01000h-0FFFFh \
  -ACOMRAM=01h-07Fh -AABS1=00h-0F7Fh -ABIGRAM=01h-0F7Fh \
  -ARAM=080h-0FFh,0100h-01FFhx14,0F00h-0F7Fh -ABANK0=080h-0FFh \
  -ABANK1=0100h-01FFh -ABANK2=0200h-02FFh -ABANK3=0300h-03FFh \
  -ABANK4=0400h-04FFh -ABANK5=0500h-05FFh -ABANK6=0600h-06FFh \
  -ABANK7=0700h-07FFh -ABANK8=0800h-08FFh -ABANK9=0900h-09FFh \
  -ABANK10=0A00h-0AFFh -ABANK11=0B00h-0BFFh -ABANK12=0C00h-0CFFh \
  -ABANK13=0D00h-0DFFh -ABANK14=0E00h-0EFFh -ABANK15=0F00h-0F7Fh \
  -ASFR=0F80h-0FFFh -ABIGSFR=0F80h-0FFFh -ACONFIG=0300000h-030000Dh \
  -AIDLOC=0200000h-0200007h -AEEDATA=0F00000h-0F003FFh -peeprom_data=EEDATA \
  -preset_vec=00h,intcode=8h,intcodelo,powerup,init -pramtop=01000h \
  -psmallconst=SMALLCONST -pmediumconst=MEDIUMCONST -pconst=CONST \
  -AFARRAM=00h-00h \
  -prdata=COMRAM,nvrram=COMRAM,nvbit=COMRAM,rbss=COMRAM,rbit=COMRAM \
  -pfarbss=FARRAM,fardata=FARRAM,nvFARRAM=FARRAM \
  -pintsave_regs=BIGRAM,bigbss=BIGRAM,bigdata=BIGRAM -pbss=RAM \
  -pidata=CODE,irdata=CODE,ibigdata=CODE,ifardata=CODE -prparam=COMRAM \
  C:\Users\Dell\AppData\Local\Temp\xcAsp0o.\driver_tmp_9.o \
  dist/default/production\On_Demand_Traffic_Light.production.o 

Object code version is 3.11

Machine type is 18F4620



                Name                               Link     Load   Length Selector   Space Scale
C:\Users\Dell\AppData\Local\Temp\xcAsp0o.\driver_tmp_9.o
                config                           300000   300000        E        0       4
                init                                  E        E        4        4       0
                reset_vec                             0        0        4        0       0
dist/default/production\On_Demand_Traffic_Light.production.o
                intcode                               8        8        6        4       0
                config                           300000   300000        E        0       4
                temp                                 42       42        1        1       1
                smallconst                         1000     1000        2      800       0
                text12                             1396     1396        4      801       0
                text11                             1392     1392        4      801       0
                text10                             138E     138E        4      801       0
                text9                              1352     1352       1A      801       0
                text8                              1338     1338       1A      801       0
                text7                              131E     131E       1A      801       0
                text6                              1304     1304       1A      801       0
                text5                              1378     1378        C      801       0
                intcode_body                       1002     1002      2A6      801       0
                text3                              139C     139C        2      801       0
                text2                              139A     139A        2      801       0
                text1                              1384     1384        A      801       0
                text0                              136C     136C        C      801       0
                cstackCOMRAM                         41       41        1        1       1
                dataCOMRAM                            1        1       22        1       1
                bssCOMRAM                            23       23       1E        1       1
                cinit                              12A8     12A8       3A      801       0
                idataCOMRAM                        12E2     12E2       22      801       0

TOTAL           Name                               Link     Load   Length     Space
        CLASS   CODE           
                intcode                               8        8        6         0
                init                                  E        E        4         0
                reset_vec                             0        0        4         0
                text12                             1396     1396        4         0
                text11                             1392     1392        4         0
                text10                             138E     138E        4         0
                text9                              1352     1352       1A         0
                text8                              1338     1338       1A         0
                text7                              131E     131E       1A         0
                text6                              1304     1304       1A         0
                text5                              1378     1378        C         0
                intcode_body                       1002     1002      2A6         0
                text3                              139C     139C        2         0
                text2                              139A     139A        2         0
                text1                              1384     1384        A         0
                text0                              136C     136C        C         0
                cinit                              12A8     12A8       3A         0
                idataCOMRAM                        12E2     12E2       22         0

        CLASS   CONST          

        CLASS   SMALLCONST     
                smallconst                         1000     1000        2         0

        CLASS   MEDIUMCONST    

        CLASS   COMRAM         
                temp                                 42       42        1         1
                cstackCOMRAM                         41       41        1         1
                dataCOMRAM                            1        1       22         1
                bssCOMRAM                            23       23       1E         1

        CLASS   ABS1           

        CLASS   BIGRAM         

        CLASS   RAM            

        CLASS   BANK0          

        CLASS   BANK1          

        CLASS   BANK2          

        CLASS   BANK3          

        CLASS   BANK4          

        CLASS   BANK5          

        CLASS   BANK6          

        CLASS   BANK7          

        CLASS   BANK8          

        CLASS   BANK9          

        CLASS   BANK10         

        CLASS   BANK11         

        CLASS   BANK12         

        CLASS   BANK13         

        CLASS   BANK14         

        CLASS   BANK15         

        CLASS   SFR            

        CLASS   BIGSFR         

        CLASS   CONFIG         
                config                           300000   300000        E         4

        CLASS   IDLOC          

        CLASS   EEDATA         

        CLASS   FARRAM         

        CLASS   HEAP           

        CLASS   STACK          



SEGMENTS        Name                           Load    Length   Top    Selector   Space  Class

                reset_vec                      000000  000004  000004         0       0  CODE    
                dataCOMRAM                     000001  000042  000043         1       1  COMRAM  
                intcode                        000008  00000A  000012         4       0  CODE    
                smallconst                     001000  000002  001002       800       0  SMALLCON
                intcode_body                   001002  00039C  00139E       801       0  CODE    


UNUSED ADDRESS RANGES

        Name                Unused          Largest block    Delta
        BANK0            000080-0000FF               80
        BANK1            000100-0001FF              100
        BANK10           000A00-000AFF              100
        BANK11           000B00-000BFF              100
        BANK12           000C00-000CFF              100
        BANK13           000D00-000DFF              100
        BANK14           000E00-000EFF              100
        BANK15           000F00-000F7F               80
        BANK2            000200-0002FF              100
        BANK3            000300-0003FF              100
        BANK4            000400-0004FF              100
        BANK5            000500-0005FF              100
        BANK6            000600-0006FF              100
        BANK7            000700-0007FF              100
        BANK8            000800-0008FF              100
        BANK9            000900-0009FF              100
        BIGRAM           000043-000F7F              F3D
        BIGSFR           000F80-000FFF               80
        CODE             000004-000007                4
                         000012-000FFF              FEE
                         00139E-00FFFF             EC62
        COMRAM           000043-00007F               3D
        CONST            000004-000007                4
                         000012-000FFF              FEE
                         00139E-00FFFF             EC62
        EEDATA           F00000-F003FF              400
        IDLOC            200000-200007                8
        MEDIUMCONST      00139E-00FFFF             EC62
        RAM              000080-000F7F              100
        SFR              000F80-000FFF               80
        SMALLCONST       00139E-00FFFF              100

                                  Symbol Table

RB4_ISR@RB4_Source              cstackCOMRAM 000041
RB5_ISR@RB5_Source              cstackCOMRAM 000041
RB6_ISR@RB6_Source              cstackCOMRAM 000041
RB7_ISR@RB7_Source              cstackCOMRAM 000041
_INT0_ISR                       text12       001396
_INT0_InterruptHandler          bssCOMRAM    00003B
_INT1_ISR                       text11       001392
_INT1_InterruptHandler          bssCOMRAM    000039
_INT2_ISR                       text10       00138E
_INT2_InterruptHandler          bssCOMRAM    000037
_INTCON2bits                    (abs)        000FF1
_INTCON3bits                    (abs)        000FF0
_INTCONbits                     (abs)        000FF2
_InterruptManagerHigh           intcode      000008
_LATA                           (abs)        000F89
_LATB                           (abs)        000F8A
_LATC                           (abs)        000F8B
_LATD                           (abs)        000F8C
_LATE                           (abs)        000F8D
_PORTA                          (abs)        000F80
_PORTB                          (abs)        000F81
_PORTBbits                      (abs)        000F81
_PORTC                          (abs)        000F82
_PORTD                          (abs)        000F83
_PORTE                          (abs)        000F84
_RB4_ISR                        text9        001352
_RB4_InterruptHandler_HIGH      bssCOMRAM    000035
_RB4_InterruptHandler_LOW       bssCOMRAM    000033
_RB4_flag                       dataCOMRAM   000022
_RB5_ISR                        text8        001338
_RB5_InterruptHandler_HIGH      bssCOMRAM    000031
_RB5_InterruptHandler_LOW       bssCOMRAM    00002F
_RB5_flag                       dataCOMRAM   000021
_RB6_ISR                        text7        00131E
_RB6_InterruptHandler_HIGH      bssCOMRAM    00002D
_RB6_InterruptHandler_LOW       bssCOMRAM    00002B
_RB6_flag                       dataCOMRAM   000020
_RB7_ISR                        text6        001304
_RB7_InterruptHandler_HIGH      bssCOMRAM    000029
_RB7_InterruptHandler_LOW       bssCOMRAM    000027
_RB7_flag                       dataCOMRAM   00001F
_T0CONbits                      (abs)        000FD5
_TMR0H                          (abs)        000FD7
_TMR0L                          (abs)        000FD6
_TMR0_ISR                       text5        001378
_TMR0_InterruptHandler          bssCOMRAM    000025
_TRISA                          (abs)        000F92
_TRISB                          (abs)        000F93
_TRISC                          (abs)        000F94
_TRISD                          (abs)        000F95
_TRISE                          (abs)        000F96
__HRAM                          (abs)        000000
__H__absolute__                 __absolute__ 000000
__Habs1                         abs1         000000
__Hbank0                        bank0        000000
__Hbank1                        bank1        000000
__Hbank10                       bank10       000000
__Hbank11                       bank11       000000
__Hbank12                       bank12       000000
__Hbank13                       bank13       000000
__Hbank14                       bank14       000000
__Hbank15                       bank15       000000
__Hbank2                        bank2        000000
__Hbank3                        bank3        000000
__Hbank4                        bank4        000000
__Hbank5                        bank5        000000
__Hbank6                        bank6        000000
__Hbank7                        bank7        000000
__Hbank8                        bank8        000000
__Hbank9                        bank9        000000
__Hbigbss                       bigbss       000000
__Hbigdata                      bigdata      000000
__Hbigram                       bigram       000000
__Hbigsfr                       bigsfr       000000
__Hbss                          bss          000000
__HbssCOMRAM                    bssCOMRAM    000000
__Hcinit                        cinit        000000
__Hclrtext                      clrtext      000000
__Hcomram                       comram       000000
__Hconfig                       config       30000E
__Hconst                        const        000000
__HcstackCOMRAM                 cstackCOMRAM 000000
__Hdata                         data         000000
__HdataCOMRAM                   dataCOMRAM   000000
__Heeprom_data                  eeprom_data  000000
__Hfarbss                       farbss       000000
__Hfardata                      fardata      000000
__Hheap                         heap         000000
__Hibigdata                     ibigdata     000000
__Hidata                        idata        000000
__HidataCOMRAM                  idataCOMRAM  000000
__Hidloc                        idloc        000000
__Hifardata                     ifardata     000000
__Hinit                         init         000012
__Hintcode                      intcode      00000E
__Hintcode_body                 intcode_body 000000
__Hintcodelo                    intcodelo    00000E
__Hintentry                     intentry     000000
__Hintret                       intret       000000
__Hintsave_regs                 intsave_regs 000000
__Hirdata                       irdata       000000
__Hmediumconst                  mediumconst  000000
__HnvFARRAM                     nvFARRAM     000000
__Hnvbit                        nvbit        000000
__Hnvrram                       nvrram       000000
__Hparam                        rparam       000000
__Hpowerup                      powerup      00000E
__Hram                          ram          000000
__Hramtop                       ramtop       001000
__Hrbit                         rbit         000000
__Hrbss                         rbss         000000
__Hrdata                        rdata        000000
__Hreset_vec                    reset_vec    000004
__Hrparam                       rparam       000000
__Hsfr                          sfr          000000
__Hsivt_hi                      sivt_hi      000000
__Hsivt_lo                      sivt_lo      000000
__Hsmallconst                   smallconst   001002
__Hspace_0                      (abs)        00139E
__Hspace_1                      (abs)        000043
__Hspace_2                      (abs)        000000
__Hspace_4                      (abs)        60000E
__Hstack                        stack        000000
__Hstruct                       struct       000000
__Htemp                         temp         000043
__Htext                         text         000000
__Htext0                        text0        000000
__Htext1                        text1        000000
__Htext10                       text10       000000
__Htext11                       text11       000000
__Htext12                       text12       000000
__Htext2                        text2        000000
__Htext3                        text3        000000
__Htext5                        text5        000000
__Htext6                        text6        000000
__Htext7                        text7        000000
__Htext8                        text8        000000
__Htext9                        text9        000000
__LRAM                          (abs)        000001
__L__absolute__                 __absolute__ 000000
__Labs1                         abs1         000000
__Lbank0                        bank0        000000
__Lbank1                        bank1        000000
__Lbank10                       bank10       000000
__Lbank11                       bank11       000000
__Lbank12                       bank12       000000
__Lbank13                       bank13       000000
__Lbank14                       bank14       000000
__Lbank15                       bank15       000000
__Lbank2                        bank2        000000
__Lbank3                        bank3        000000
__Lbank4                        bank4        000000
__Lbank5                        bank5        000000
__Lbank6                        bank6        000000
__Lbank7                        bank7        000000
__Lbank8                        bank8        000000
__Lbank9                        bank9        000000
__Lbigbss                       bigbss       000000
__Lbigdata                      bigdata      000000
__Lbigram                       bigram       000000
__Lbigsfr                       bigsfr       000000
__Lbss                          bss          000000
__LbssCOMRAM                    bssCOMRAM    000000
__Lcinit                        cinit        000000
__Lclrtext                      clrtext      000000
__Lcomram                       comram       000000
__Lconfig                       config       000000
__Lconst                        const        000000
__LcstackCOMRAM                 cstackCOMRAM 000000
__Ldata                         data         000000
__LdataCOMRAM                   dataCOMRAM   000000
__Leeprom_data                  eeprom_data  000000
__Lfarbss                       farbss       000000
__Lfardata                      fardata      000000
__Lheap                         heap         000000
__Libigdata                     ibigdata     000000
__Lidata                        idata        000000
__LidataCOMRAM                  idataCOMRAM  000000
__Lidloc                        idloc        000000
__Lifardata                     ifardata     000000
__Linit                         init         00000E
__Lintcode                      intcode      000008
__Lintcode_body                 intcode_body 000000
__Lintcodelo                    intcodelo    00000E
__Lintentry                     intentry     000000
__Lintret                       intret       000000
__Lintsave_regs                 intsave_regs 000000
__Lirdata                       irdata       000000
__Lmediumconst                  mediumconst  000000
__LnvFARRAM                     nvFARRAM     000000
__Lnvbit                        nvbit        000000
__Lnvrram                       nvrram       000000
__Lparam                        rparam       000000
__Lpowerup                      powerup      00000E
__Lram                          ram          000000
__Lramtop                       ramtop       001000
__Lrbit                         rbit         000000
__Lrbss                         rbss         000000
__Lrdata                        rdata        000000
__Lreset_vec                    reset_vec    000000
__Lrparam                       rparam       000000
__Lsfr                          sfr          000000
__Lsivt_hi                      sivt_hi      000000
__Lsivt_lo                      sivt_lo      000000
__Lsmallconst                   smallconst   001000
__Lspace_0                      (abs)        000000
__Lspace_1                      (abs)        000000
__Lspace_2                      (abs)        000000
__Lspace_4                      (abs)        000000
__Lstack                        stack        000000
__Lstruct                       struct       000000
__Ltemp                         temp         000042
__Ltext                         text         000000
__Ltext0                        text0        000000
__Ltext1                        text1        000000
__Ltext10                       text10       000000
__Ltext11                       text11       000000
__Ltext12                       text12       000000
__Ltext2                        text2        000000
__Ltext3                        text3        000000
__Ltext5                        text5        000000
__Ltext6                        text6        000000
__Ltext7                        text7        000000
__Ltext8                        text8        000000
__Ltext9                        text9        000000
__S0                            (abs)        00139E
__S1                            (abs)        000043
__S4                            (abs)        000000
__S5                            (abs)        000000
___heap_hi                      (abs)        000000
___heap_lo                      (abs)        000000
___inthi_sp                     stack        000000
___inthi_stack_hi               stack        000000
___inthi_stack_lo               stack        000000
___intlo_sp                     stack        000000
___intlo_stack_hi               stack        000000
___intlo_stack_lo               stack        000000
___param_bank                   (abs)        000000
___rparam_used                  (abs)        000001
___sp                           stack        000000
___stack_hi                     stack        000000
___stack_lo                     stack        000000
__accesstop                     (abs)        000080
__activetblptr                  (abs)        000002
__end_of_INT0_ISR               text12       00139A
__end_of_INT1_ISR               text11       001396
__end_of_INT2_ISR               text10       001392
__end_of_InterruptManagerHigh   intcode_body 0012A8
__end_of_RB4_ISR                text9        00136C
__end_of_RB5_ISR                text8        001352
__end_of_RB6_ISR                text7        001338
__end_of_RB7_ISR                text6        00131E
__end_of_TMR0_ISR               text5        001384
__end_of__initialization        cinit        0012D4
__end_of_application_initialize text1        00138E
__end_of_ecu_layer_initialize   text3        00139E
__end_of_main                   text0        001378
__end_of_mcal_layer_initialize  text2        00139C
__initialization                cinit        0012A8
__mediumconst                   mediumconst  000000
__pbssCOMRAM                    bssCOMRAM    000023
__pcinit                        cinit        0012A8
__pcstackCOMRAM                 cstackCOMRAM 000041
__pdataCOMRAM                   dataCOMRAM   000001
__pidataCOMRAM                  idataCOMRAM  0012E2
__pintcode                      intcode      000008
__pintcode_body                 intcode_body 001002
__psmallconst                   smallconst   001000
__ptext0                        text0        00136C
__ptext1                        text1        001384
__ptext10                       text10       00138E
__ptext11                       text11       001392
__ptext12                       text12       001396
__ptext2                        text2        00139A
__ptext3                        text3        00139C
__ptext5                        text5        001378
__ptext6                        text6        001304
__ptext7                        text7        00131E
__ptext8                        text8        001338
__ptext9                        text9        001352
__ramtop                        ramtop       001000
__smallconst                    smallconst   001000
_application_initialize         text1        001384
_ecu_layer_initialize           text3        00139C
_lat_registers                  dataCOMRAM   00000B
_main                           text0        00136C
_mcal_layer_initialize          text2        00139A
_port_registers                 dataCOMRAM   000001
_timer0_preload                 bssCOMRAM    000023
_tris_registers                 dataCOMRAM   000015
btemp                           temp         000042
end_of_initialization           cinit        0012D4
int$flags                       temp         000042
int_func                        intcode_body 001002
intlevel0                       text         000000
intlevel1                       text         000000
intlevel2                       text         000000
intlevel3                       text         000000
isa$std                         (abs)        000001
isa$xinst                       (abs)        000000
led_initialize@F3067            bssCOMRAM    000040
led_toggle@F3082                bssCOMRAM    00003D
led_turn_off@F3077              bssCOMRAM    00003E
led_turn_on@F3072               bssCOMRAM    00003F
stackhi                         (abs)        000000
stacklo                         (abs)        000000
start                           init         00000E
start_initialization            cinit        0012A8
ttemp5                          temp         000043
ttemp6                          temp         000046
ttemp7                          temp         00004A
wtemp8                          temp         000043


MODULE INFORMATION

Module		Function		Class		Link	Load	Size
shared
		__initialization		CODE           	12A8	0000	44

shared estimated size: 44

MCAL_Layer/Interrupt/mcal_external_interrupt.c
		_RB4_ISR       		CODE           	1352	0000	26
		_RB5_ISR       		CODE           	1338	0000	26
		_RB6_ISR       		CODE           	131E	0000	26
		_RB7_ISR       		CODE           	1304	0000	26
		_INT0_ISR      		CODE           	1396	0000	4
		_INT1_ISR      		CODE           	1392	0000	4
		_INT2_ISR      		CODE           	138E	0000	4

MCAL_Layer/Interrupt/mcal_external_interrupt.c estimated size: 116

MCAL_Layer/mcal_layer_initialize.c
		_mcal_layer_initialize		CODE           	139A	0000	2

MCAL_Layer/mcal_layer_initialize.c estimated size: 2

MCAL_Layer/Interrupt/mcal_interrupt_manager.c
		_InterruptManagerHigh		CODE           	0008	0000	684

MCAL_Layer/Interrupt/mcal_interrupt_manager.c estimated size: 684

ECU_Layer/ecu_layer_initialize.c
		_ecu_layer_initialize		CODE           	139C	0000	2

ECU_Layer/ecu_layer_initialize.c estimated size: 2

application.c
		_application_initialize		CODE           	1384	0000	10
		_main          		CODE           	136C	0000	12

application.c estimated size: 22

MCAL_Layer/Timer0/hal_timer0.c
		_TMR0_ISR      		CODE           	1378	0000	12

MCAL_Layer/Timer0/hal_timer0.c estimated size: 12

